466400	output_0	output_1	-1
466401	output_0	output_2	-1
466402	output_0	output_3	-1
466403	output_0	output_4	-1
466404	output_0	output_5	-1
466405	output_0	output_6	-1
466406	output_0	output_7	-1
466407	output_0	output_8	-1
466408	output_0	output_9	-1
466409	output_1	output_0	-1
466410	output_1	output_2	-1
466411	output_1	output_3	-1
466412	output_1	output_4	-1
466413	output_1	output_5	-1
466414	output_1	output_6	-1
466415	output_1	output_7	-1
466416	output_1	output_8	-1
466417	output_1	output_9	-1
466418	output_2	output_0	-1
466419	output_2	output_1	-1
466420	output_2	output_3	-1
466421	output_2	output_4	-1
466422	output_2	output_5	-1
466423	output_2	output_6	-1
466424	output_2	output_7	-1
466425	output_2	output_8	-1
466426	output_2	output_9	-1
466427	output_3	output_0	-1
466428	output_3	output_1	-1
466429	output_3	output_2	-1
466430	output_3	output_4	-1
466431	output_3	output_5	-1
466432	output_3	output_6	-1
466433	output_3	output_7	-1
466434	output_3	output_8	-1
466435	output_3	output_9	-1
466436	output_4	output_0	-1
466437	output_4	output_1	-1
466438	output_4	output_2	-1
466439	output_4	output_3	-1
466440	output_4	output_5	-1
466441	output_4	output_6	-1
466442	output_4	output_7	-1
466443	output_4	output_8	-1
466444	output_4	output_9	-1
466445	output_5	output_0	-1
466446	output_5	output_1	-1
466447	output_5	output_2	-1
466448	output_5	output_3	-1
466449	output_5	output_4	-1
466450	output_5	output_6	-1
466451	output_5	output_7	-1
466452	output_5	output_8	-1
466453	output_5	output_9	-1
466454	output_6	output_0	-1
466455	output_6	output_1	-1
466456	output_6	output_2	-1
466457	output_6	output_3	-1
466458	output_6	output_4	-1
466459	output_6	output_5	-1
466460	output_6	output_7	-1
466461	output_6	output_8	-1
466462	output_6	output_9	-1
466463	output_7	output_0	-1
466464	output_7	output_1	-1
466465	output_7	output_2	-1
466466	output_7	output_3	-1
466467	output_7	output_4	-1
466468	output_7	output_5	-1
466469	output_7	output_6	-1
466470	output_7	output_8	-1
466471	output_7	output_9	-1
466472	output_8	output_0	-1
466473	output_8	output_1	-1
466474	output_8	output_2	-1
466475	output_8	output_3	-1
466476	output_8	output_4	-1
466477	output_8	output_5	-1
466478	output_8	output_6	-1
466479	output_8	output_7	-1
466480	output_8	output_9	-1
466481	output_9	output_0	-1
466482	output_9	output_1	-1
466483	output_9	output_2	-1
466484	output_9	output_3	-1
466485	output_9	output_4	-1
466486	output_9	output_5	-1
466487	output_9	output_6	-1
466488	output_9	output_7	-1
466489	output_9	output_8	-1
