-0.899 0.091 0.851 1.561 0.221 0.691 0.001 0.761 -0.729 2.081 -0.389 -1.199 -0.319 -0.249 -0.509 0.651 -0.189 -1.619 0.971 0.211 1.151 0.001 -0.789 -1.929 2.241 -1.059 -0.889 0.981 -0.149 0.611 0.061 -0.029 1.551 -0.359 -0.579 0.651 -0.719 -0.349 0.371 1.741 0.331 -0.059 0.131 -0.679 -0.809 -0.049 -0.309 -0.319 -0.119 0.571 -0.241 -1.841 1.049 0.809 -1.179 -0.261 0.889 -0.811 1.289 -0.211 0.489 0.089 -0.691 1.279 -0.061 0.049 0.779 0.299 -0.101 1.039 -0.231 1.389 -1.261 1.549 -0.041 -1.361 -0.191 -0.171 0.939 0.809 -0.481 -0.161 0.849 -1.211 0.989 -0.481 1.309 0.769 1.009 -1.501 -0.851 0.869 0.839 -0.481 0.569 -1.891 0.039 0.679 -0.051 -1.321 -0.431 1.309 -0.911 -1.631 0.209 0.939 0.809 0.179 -0.911 -0.271 -0.401 -0.941 0.299 0.459 1.059 0.401 -0.221 1.109 -1.581 1.079 0.251 -0.199 0.859 -0.891 -0.971
