0	hidden_0	output_0	-0.229000
1	hidden_0	output_1	0.509000
2	hidden_0	output_2	0.089000
3	hidden_0	output_3	0.089000
4	hidden_0	output_4	0.589000
5	hidden_0	output_5	0.629000
6	hidden_0	output_6	0.529000
7	hidden_0	output_7	0.479000
8	hidden_0	output_8	-0.239000
9	hidden_0	output_9	-0.399000
10	hidden_1	output_0	0.039000
11	hidden_1	output_1	-0.629000
12	hidden_1	output_2	-0.859000
13	hidden_1	output_3	-0.639000
14	hidden_1	output_4	0.349000
15	hidden_1	output_5	0.839000
16	hidden_1	output_6	0.319000
17	hidden_1	output_7	0.439000
18	hidden_1	output_8	-0.849000
19	hidden_1	output_9	-0.299000
20	hidden_2	output_0	0.259000
21	hidden_2	output_1	-0.039000
22	hidden_2	output_2	-0.379000
23	hidden_2	output_3	0.869000
24	hidden_2	output_4	-0.529000
25	hidden_2	output_5	0.349000
26	hidden_2	output_6	-0.059000
27	hidden_2	output_7	0.939000
28	hidden_2	output_8	-0.999000
29	hidden_2	output_9	0.339000
30	hidden_3	output_0	0.689000
31	hidden_3	output_1	0.549000
32	hidden_3	output_2	-0.939000
33	hidden_3	output_3	-0.359000
34	hidden_3	output_4	-0.029000
35	hidden_3	output_5	-0.159000
36	hidden_3	output_6	-0.559000
37	hidden_3	output_7	-0.919000
38	hidden_3	output_8	0.179000
39	hidden_3	output_9	0.909000
40	hidden_4	output_0	0.039000
41	hidden_4	output_1	-0.429000
42	hidden_4	output_2	-0.669000
43	hidden_4	output_3	0.889000
44	hidden_4	output_4	0.779000
45	hidden_4	output_5	-0.829000
46	hidden_4	output_6	0.649000
47	hidden_4	output_7	0.399000
48	hidden_4	output_8	-0.379000
49	hidden_4	output_9	0.069000
50	hidden_5	output_0	-0.299000
51	hidden_5	output_1	-0.269000
52	hidden_5	output_2	0.089000
53	hidden_5	output_3	0.619000
54	hidden_5	output_4	-0.369000
55	hidden_5	output_5	-0.759000
56	hidden_5	output_6	0.799000
57	hidden_5	output_7	-0.389000
58	hidden_5	output_8	-0.579000
59	hidden_5	output_9	0.679000
60	hidden_6	output_0	-0.079000
61	hidden_6	output_1	0.679000
62	hidden_6	output_2	0.979000
63	hidden_6	output_3	-0.669000
64	hidden_6	output_4	0.439000
65	hidden_6	output_5	-0.219000
66	hidden_6	output_6	-0.199000
67	hidden_6	output_7	-0.269000
68	hidden_6	output_8	0.029000
69	hidden_6	output_9	0.479000
70	hidden_7	output_0	-0.689000
71	hidden_7	output_1	-0.189000
72	hidden_7	output_2	-0.589000
73	hidden_7	output_3	-0.719000
74	hidden_7	output_4	-0.869000
75	hidden_7	output_5	0.839000
76	hidden_7	output_6	-0.289000
77	hidden_7	output_7	-0.019000
78	hidden_7	output_8	-0.589000
79	hidden_7	output_9	-0.069000
80	hidden_8	output_0	-0.989000
81	hidden_8	output_1	0.109000
82	hidden_8	output_2	-0.459000
83	hidden_8	output_3	-0.179000
84	hidden_8	output_4	-0.759000
85	hidden_8	output_5	0.439000
86	hidden_8	output_6	-0.919000
87	hidden_8	output_7	-0.889000
88	hidden_8	output_8	0.749000
89	hidden_8	output_9	0.299000
90	hidden_9	output_0	-0.159000
91	hidden_9	output_1	0.359000
92	hidden_9	output_2	-0.009000
93	hidden_9	output_3	-0.389000
94	hidden_9	output_4	-0.739000
95	hidden_9	output_5	-0.199000
96	hidden_9	output_6	0.559000
97	hidden_9	output_7	-0.769000
98	hidden_9	output_8	-0.879000
99	hidden_9	output_9	0.709000
100	hidden_10	output_0	0.219000
101	hidden_10	output_1	-0.689000
102	hidden_10	output_2	-0.419000
103	hidden_10	output_3	0.729000
104	hidden_10	output_4	-0.289000
105	hidden_10	output_5	0.659000
106	hidden_10	output_6	0.179000
107	hidden_10	output_7	-0.749000
108	hidden_10	output_8	-0.479000
109	hidden_10	output_9	-0.199000
110	hidden_11	output_0	-0.619000
111	hidden_11	output_1	0.799000
112	hidden_11	output_2	0.689000
113	hidden_11	output_3	0.589000
114	hidden_11	output_4	0.879000
115	hidden_11	output_5	-0.269000
116	hidden_11	output_6	-0.829000
117	hidden_11	output_7	0.759000
118	hidden_11	output_8	0.649000
119	hidden_11	output_9	-0.399000
120	hidden_12	output_0	-0.509000
121	hidden_12	output_1	0.719000
122	hidden_12	output_2	-0.349000
123	hidden_12	output_3	-0.709000
124	hidden_12	output_4	-0.459000
125	hidden_12	output_5	0.441000
126	hidden_12	output_6	0.329000
127	hidden_12	output_7	-0.619000
128	hidden_12	output_8	-0.689000
129	hidden_12	output_9	-0.129000
130	hidden_13	output_0	-0.149000
131	hidden_13	output_1	-0.909000
132	hidden_13	output_2	-0.809000
133	hidden_13	output_3	0.659000
134	hidden_13	output_4	-0.079000
135	hidden_13	output_5	-0.999000
136	hidden_13	output_6	0.549000
137	hidden_13	output_7	0.159000
138	hidden_13	output_8	0.379000
139	hidden_13	output_9	0.499000
140	hidden_14	output_0	-0.719000
141	hidden_14	output_1	-0.059000
142	hidden_14	output_2	-0.529000
143	hidden_14	output_3	-0.049000
144	hidden_14	output_4	-0.659000
145	hidden_14	output_5	0.789000
146	hidden_14	output_6	0.659000
147	hidden_14	output_7	0.179000
148	hidden_14	output_8	0.119000
149	hidden_14	output_9	0.909000
150	hidden_15	output_0	0.349000
151	hidden_15	output_1	-0.159000
152	hidden_15	output_2	-0.369000
153	hidden_15	output_3	0.269000
154	hidden_15	output_4	0.359000
155	hidden_15	output_5	0.641000
156	hidden_15	output_6	0.929000
157	hidden_15	output_7	0.359000
158	hidden_15	output_8	0.769000
159	hidden_15	output_9	-0.119000
160	hidden_16	output_0	0.519000
161	hidden_16	output_1	-0.819000
162	hidden_16	output_2	0.629000
163	hidden_16	output_3	-0.779000
164	hidden_16	output_4	-0.699000
165	hidden_16	output_5	0.159000
166	hidden_16	output_6	-0.019000
167	hidden_16	output_7	0.269000
168	hidden_16	output_8	-0.719000
169	hidden_16	output_9	0.549000
170	hidden_17	output_0	-0.179000
171	hidden_17	output_1	0.549000
172	hidden_17	output_2	0.909000
173	hidden_17	output_3	-0.709000
174	hidden_17	output_4	-0.579000
175	hidden_17	output_5	0.729000
176	hidden_17	output_6	-0.419000
177	hidden_17	output_7	-0.319000
178	hidden_17	output_8	-0.229000
179	hidden_17	output_9	-0.849000
180	hidden_18	output_0	-0.409000
181	hidden_18	output_1	-0.639000
182	hidden_18	output_2	0.639000
183	hidden_18	output_3	0.229000
184	hidden_18	output_4	-0.849000
185	hidden_18	output_5	0.739000
186	hidden_18	output_6	0.269000
187	hidden_18	output_7	-0.399000
188	hidden_18	output_8	-0.009000
189	hidden_18	output_9	0.849000
190	hidden_19	output_0	-0.929000
191	hidden_19	output_1	-0.519000
192	hidden_19	output_2	-0.849000
193	hidden_19	output_3	0.859000
194	hidden_19	output_4	-0.379000
195	hidden_19	output_5	0.699000
196	hidden_19	output_6	-0.259000
197	hidden_19	output_7	0.599000
198	hidden_19	output_8	-0.179000
199	hidden_19	output_9	-0.139000
200	hidden_20	output_0	-0.069000
201	hidden_20	output_1	0.109000
202	hidden_20	output_2	-0.039000
203	hidden_20	output_3	-0.479000
204	hidden_20	output_4	-0.829000
205	hidden_20	output_5	-0.879000
206	hidden_20	output_6	0.299000
207	hidden_20	output_7	0.779000
208	hidden_20	output_8	0.769000
209	hidden_20	output_9	0.189000
210	hidden_21	output_0	0.969000
211	hidden_21	output_1	0.129000
212	hidden_21	output_2	0.239000
213	hidden_21	output_3	0.859000
214	hidden_21	output_4	0.259000
215	hidden_21	output_5	-0.609000
216	hidden_21	output_6	0.279000
217	hidden_21	output_7	-0.379000
218	hidden_21	output_8	0.559000
219	hidden_21	output_9	0.079000
220	hidden_22	output_0	0.869000
221	hidden_22	output_1	0.449000
222	hidden_22	output_2	0.279000
223	hidden_22	output_3	-0.709000
224	hidden_22	output_4	0.969000
225	hidden_22	output_5	-0.629000
226	hidden_22	output_6	0.589000
227	hidden_22	output_7	0.719000
228	hidden_22	output_8	-0.549000
229	hidden_22	output_9	-0.839000
230	hidden_23	output_0	-0.849000
231	hidden_23	output_1	-0.609000
232	hidden_23	output_2	-0.659000
233	hidden_23	output_3	-0.699000
234	hidden_23	output_4	0.859000
235	hidden_23	output_5	-0.869000
236	hidden_23	output_6	-0.379000
237	hidden_23	output_7	-0.659000
238	hidden_23	output_8	0.589000
239	hidden_23	output_9	-0.849000
240	hidden_24	output_0	0.029000
241	hidden_24	output_1	0.149000
242	hidden_24	output_2	-0.359000
243	hidden_24	output_3	-0.389000
244	hidden_24	output_4	0.639000
245	hidden_24	output_5	0.271000
246	hidden_24	output_6	0.809000
247	hidden_24	output_7	-0.999000
248	hidden_24	output_8	-0.899000
249	hidden_24	output_9	-0.889000
250	hidden_25	output_0	0.739000
251	hidden_25	output_1	0.339000
252	hidden_25	output_2	-0.369000
253	hidden_25	output_3	-0.019000
254	hidden_25	output_4	-0.349000
255	hidden_25	output_5	-0.559000
256	hidden_25	output_6	0.309000
257	hidden_25	output_7	-0.189000
258	hidden_25	output_8	0.459000
259	hidden_25	output_9	-0.139000
260	hidden_26	output_0	0.669000
261	hidden_26	output_1	0.919000
262	hidden_26	output_2	0.729000
263	hidden_26	output_3	-0.149000
264	hidden_26	output_4	0.889000
265	hidden_26	output_5	0.039000
266	hidden_26	output_6	0.249000
267	hidden_26	output_7	-0.889000
268	hidden_26	output_8	0.809000
269	hidden_26	output_9	0.399000
270	hidden_27	output_0	0.569000
271	hidden_27	output_1	-0.829000
272	hidden_27	output_2	-0.719000
273	hidden_27	output_3	-0.859000
274	hidden_27	output_4	0.459000
275	hidden_27	output_5	0.709000
276	hidden_27	output_6	0.279000
277	hidden_27	output_7	0.389000
278	hidden_27	output_8	0.659000
279	hidden_27	output_9	0.859000
280	hidden_28	output_0	-0.199000
281	hidden_28	output_1	-0.029000
282	hidden_28	output_2	-0.769000
283	hidden_28	output_3	-0.099000
284	hidden_28	output_4	-0.289000
285	hidden_28	output_5	-0.749000
286	hidden_28	output_6	-0.729000
287	hidden_28	output_7	-0.589000
288	hidden_28	output_8	-0.069000
289	hidden_28	output_9	0.359000
290	hidden_29	output_0	-0.449000
291	hidden_29	output_1	0.629000
292	hidden_29	output_2	0.289000
293	hidden_29	output_3	0.309000
294	hidden_29	output_4	0.559000
295	hidden_29	output_5	-0.339000
296	hidden_29	output_6	0.949000
297	hidden_29	output_7	-0.869000
298	hidden_29	output_8	-0.989000
299	hidden_29	output_9	0.289000
300	hidden_30	output_0	0.779000
301	hidden_30	output_1	-0.279000
302	hidden_30	output_2	0.239000
303	hidden_30	output_3	0.749000
304	hidden_30	output_4	-0.109000
305	hidden_30	output_5	0.079000
306	hidden_30	output_6	0.829000
307	hidden_30	output_7	0.759000
308	hidden_30	output_8	-0.279000
309	hidden_30	output_9	-0.729000
310	hidden_31	output_0	-0.099000
311	hidden_31	output_1	-0.199000
312	hidden_31	output_2	0.649000
313	hidden_31	output_3	-0.519000
314	hidden_31	output_4	0.069000
315	hidden_31	output_5	0.539000
316	hidden_31	output_6	0.999000
317	hidden_31	output_7	0.029000
318	hidden_31	output_8	-0.179000
319	hidden_31	output_9	-0.109000
320	hidden_32	output_0	0.079000
321	hidden_32	output_1	0.659000
322	hidden_32	output_2	-0.559000
323	hidden_32	output_3	0.949000
324	hidden_32	output_4	0.709000
325	hidden_32	output_5	-0.619000
326	hidden_32	output_6	-0.899000
327	hidden_32	output_7	-0.949000
328	hidden_32	output_8	0.799000
329	hidden_32	output_9	-0.989000
330	hidden_33	output_0	-0.539000
331	hidden_33	output_1	0.359000
332	hidden_33	output_2	0.919000
333	hidden_33	output_3	-0.799000
334	hidden_33	output_4	-0.009000
335	hidden_33	output_5	0.381000
336	hidden_33	output_6	0.429000
337	hidden_33	output_7	-0.259000
338	hidden_33	output_8	0.039000
339	hidden_33	output_9	0.739000
340	hidden_34	output_0	0.999000
341	hidden_34	output_1	-0.009000
342	hidden_34	output_2	0.489000
343	hidden_34	output_3	0.349000
344	hidden_34	output_4	0.099000
345	hidden_34	output_5	-0.029000
346	hidden_34	output_6	0.639000
347	hidden_34	output_7	0.329000
348	hidden_34	output_8	0.589000
349	hidden_34	output_9	0.239000
350	hidden_35	output_0	-0.889000
351	hidden_35	output_1	-0.169000
352	hidden_35	output_2	-0.189000
353	hidden_35	output_3	-0.929000
354	hidden_35	output_4	0.389000
355	hidden_35	output_5	0.579000
356	hidden_35	output_6	0.089000
357	hidden_35	output_7	0.429000
358	hidden_35	output_8	-0.339000
359	hidden_35	output_9	0.429000
360	hidden_36	output_0	0.039000
361	hidden_36	output_1	-0.909000
362	hidden_36	output_2	0.429000
363	hidden_36	output_3	0.099000
364	hidden_36	output_4	-0.009000
365	hidden_36	output_5	-0.369000
366	hidden_36	output_6	0.859000
367	hidden_36	output_7	-0.429000
368	hidden_36	output_8	0.069000
369	hidden_36	output_9	-0.809000
370	hidden_37	output_0	-0.719000
371	hidden_37	output_1	-0.579000
372	hidden_37	output_2	0.749000
373	hidden_37	output_3	-0.439000
374	hidden_37	output_4	0.799000
375	hidden_37	output_5	-0.019000
376	hidden_37	output_6	-0.019000
377	hidden_37	output_7	-0.549000
378	hidden_37	output_8	-0.279000
379	hidden_37	output_9	-0.469000
380	hidden_38	output_0	0.399000
381	hidden_38	output_1	-0.289000
382	hidden_38	output_2	0.899000
383	hidden_38	output_3	-0.919000
384	hidden_38	output_4	-0.989000
385	hidden_38	output_5	0.039000
386	hidden_38	output_6	0.539000
387	hidden_38	output_7	-0.749000
388	hidden_38	output_8	0.159000
389	hidden_38	output_9	0.749000
390	hidden_39	output_0	0.419000
391	hidden_39	output_1	0.869000
392	hidden_39	output_2	-0.129000
393	hidden_39	output_3	-0.149000
394	hidden_39	output_4	-0.739000
395	hidden_39	output_5	-0.559000
396	hidden_39	output_6	0.749000
397	hidden_39	output_7	0.289000
398	hidden_39	output_8	0.539000
399	hidden_39	output_9	-0.609000
400	hidden_40	output_0	-0.399000
401	hidden_40	output_1	-0.879000
402	hidden_40	output_2	-0.000000
403	hidden_40	output_3	-0.659000
404	hidden_40	output_4	-0.229000
405	hidden_40	output_5	0.189000
406	hidden_40	output_6	0.829000
407	hidden_40	output_7	0.769000
408	hidden_40	output_8	0.289000
409	hidden_40	output_9	-0.939000
410	hidden_41	output_0	0.539000
411	hidden_41	output_1	0.009000
412	hidden_41	output_2	-0.269000
413	hidden_41	output_3	0.829000
414	hidden_41	output_4	-0.289000
415	hidden_41	output_5	0.631000
416	hidden_41	output_6	0.609000
417	hidden_41	output_7	-0.219000
418	hidden_41	output_8	0.159000
419	hidden_41	output_9	0.389000
420	hidden_42	output_0	-0.339000
421	hidden_42	output_1	-0.239000
422	hidden_42	output_2	0.439000
423	hidden_42	output_3	0.369000
424	hidden_42	output_4	0.469000
425	hidden_42	output_5	-0.229000
426	hidden_42	output_6	-0.529000
427	hidden_42	output_7	-0.169000
428	hidden_42	output_8	0.949000
429	hidden_42	output_9	0.129000
430	hidden_43	output_0	0.379000
431	hidden_43	output_1	-0.429000
432	hidden_43	output_2	0.589000
433	hidden_43	output_3	0.819000
434	hidden_43	output_4	0.749000
435	hidden_43	output_5	-0.279000
436	hidden_43	output_6	-0.559000
437	hidden_43	output_7	0.199000
438	hidden_43	output_8	0.149000
439	hidden_43	output_9	-0.659000
440	hidden_44	output_0	-0.969000
441	hidden_44	output_1	0.809000
442	hidden_44	output_2	0.639000
443	hidden_44	output_3	-0.139000
444	hidden_44	output_4	-0.839000
445	hidden_44	output_5	0.059000
446	hidden_44	output_6	-0.119000
447	hidden_44	output_7	0.319000
448	hidden_44	output_8	-0.449000
449	hidden_44	output_9	-0.299000
450	hidden_45	output_0	0.289000
451	hidden_45	output_1	0.459000
452	hidden_45	output_2	-0.559000
453	hidden_45	output_3	-0.209000
454	hidden_45	output_4	0.539000
455	hidden_45	output_5	0.229000
456	hidden_45	output_6	-0.699000
457	hidden_45	output_7	-0.319000
458	hidden_45	output_8	0.369000
459	hidden_45	output_9	-0.909000
460	hidden_46	output_0	0.859000
461	hidden_46	output_1	0.499000
462	hidden_46	output_2	-0.339000
463	hidden_46	output_3	-0.829000
464	hidden_46	output_4	0.659000
465	hidden_46	output_5	-0.809000
466	hidden_46	output_6	0.199000
467	hidden_46	output_7	0.599000
468	hidden_46	output_8	-0.889000
469	hidden_46	output_9	0.689000
470	hidden_47	output_0	-0.979000
471	hidden_47	output_1	0.939000
472	hidden_47	output_2	0.009000
473	hidden_47	output_3	0.209000
474	hidden_47	output_4	0.719000
475	hidden_47	output_5	0.969000
476	hidden_47	output_6	-0.669000
477	hidden_47	output_7	-0.859000
478	hidden_47	output_8	0.759000
479	hidden_47	output_9	-0.489000
480	hidden_48	output_0	-0.000000
481	hidden_48	output_1	0.599000
482	hidden_48	output_2	0.629000
483	hidden_48	output_3	0.089000
484	hidden_48	output_4	0.989000
485	hidden_48	output_5	0.889000
486	hidden_48	output_6	-0.559000
487	hidden_48	output_7	0.789000
488	hidden_48	output_8	0.099000
489	hidden_48	output_9	-0.639000
490	hidden_49	output_0	-0.199000
491	hidden_49	output_1	-0.309000
492	hidden_49	output_2	0.719000
493	hidden_49	output_3	0.779000
494	hidden_49	output_4	-0.519000
495	hidden_49	output_5	-0.269000
496	hidden_49	output_6	-0.939000
497	hidden_49	output_7	-0.939000
498	hidden_49	output_8	-0.389000
499	hidden_49	output_9	-0.759000
500	hidden_50	output_0	0.739000
501	hidden_50	output_1	0.979000
502	hidden_50	output_2	-0.359000
503	hidden_50	output_3	-0.879000
504	hidden_50	output_4	-0.549000
505	hidden_50	output_5	0.361000
506	hidden_50	output_6	-0.309000
507	hidden_50	output_7	0.289000
508	hidden_50	output_8	-0.289000
509	hidden_50	output_9	-0.289000
510	hidden_51	output_0	-0.509000
511	hidden_51	output_1	0.709000
512	hidden_51	output_2	-0.349000
513	hidden_51	output_3	-0.869000
514	hidden_51	output_4	0.359000
515	hidden_51	output_5	0.329000
516	hidden_51	output_6	-0.409000
517	hidden_51	output_7	0.759000
518	hidden_51	output_8	-0.909000
519	hidden_51	output_9	0.959000
520	hidden_52	output_0	0.059000
521	hidden_52	output_1	-0.869000
522	hidden_52	output_2	-0.329000
523	hidden_52	output_3	0.349000
524	hidden_52	output_4	0.809000
525	hidden_52	output_5	0.119000
526	hidden_52	output_6	0.709000
527	hidden_52	output_7	0.249000
528	hidden_52	output_8	-0.459000
529	hidden_52	output_9	-0.969000
530	hidden_53	output_0	0.179000
531	hidden_53	output_1	-0.019000
532	hidden_53	output_2	-0.069000
533	hidden_53	output_3	-0.869000
534	hidden_53	output_4	0.219000
535	hidden_53	output_5	0.831000
536	hidden_53	output_6	0.349000
537	hidden_53	output_7	-0.799000
538	hidden_53	output_8	-0.019000
539	hidden_53	output_9	0.599000
540	hidden_54	output_0	0.709000
541	hidden_54	output_1	-0.389000
542	hidden_54	output_2	-0.049000
543	hidden_54	output_3	0.309000
544	hidden_54	output_4	-0.489000
545	hidden_54	output_5	-0.889000
546	hidden_54	output_6	0.679000
547	hidden_54	output_7	-0.429000
548	hidden_54	output_8	-0.059000
549	hidden_54	output_9	0.169000
550	hidden_55	output_0	-0.979000
551	hidden_55	output_1	0.959000
552	hidden_55	output_2	-0.599000
553	hidden_55	output_3	0.479000
554	hidden_55	output_4	0.719000
555	hidden_55	output_5	-0.749000
556	hidden_55	output_6	0.349000
557	hidden_55	output_7	-0.149000
558	hidden_55	output_8	-0.409000
559	hidden_55	output_9	-0.259000
560	hidden_56	output_0	0.229000
561	hidden_56	output_1	0.499000
562	hidden_56	output_2	0.879000
563	hidden_56	output_3	-0.399000
564	hidden_56	output_4	0.229000
565	hidden_56	output_5	0.039000
566	hidden_56	output_6	-0.639000
567	hidden_56	output_7	-0.249000
568	hidden_56	output_8	-0.779000
569	hidden_56	output_9	0.059000
570	hidden_57	output_0	-0.699000
571	hidden_57	output_1	-0.419000
572	hidden_57	output_2	0.229000
573	hidden_57	output_3	-0.839000
574	hidden_57	output_4	-0.899000
575	hidden_57	output_5	0.509000
576	hidden_57	output_6	0.749000
577	hidden_57	output_7	-0.219000
578	hidden_57	output_8	0.069000
579	hidden_57	output_9	-0.469000
580	hidden_58	output_0	0.339000
581	hidden_58	output_1	-0.789000
582	hidden_58	output_2	-0.469000
583	hidden_58	output_3	-0.399000
584	hidden_58	output_4	-0.469000
585	hidden_58	output_5	0.809000
586	hidden_58	output_6	0.829000
587	hidden_58	output_7	0.139000
588	hidden_58	output_8	-0.849000
589	hidden_58	output_9	-0.379000
590	hidden_59	output_0	0.769000
591	hidden_59	output_1	0.129000
592	hidden_59	output_2	0.859000
593	hidden_59	output_3	-0.359000
594	hidden_59	output_4	0.289000
595	hidden_59	output_5	-0.649000
596	hidden_59	output_6	0.759000
597	hidden_59	output_7	0.929000
598	hidden_59	output_8	0.279000
599	hidden_59	output_9	0.109000
600	hidden_60	output_0	0.859000
601	hidden_60	output_1	-0.529000
602	hidden_60	output_2	0.749000
603	hidden_60	output_3	-0.849000
604	hidden_60	output_4	-0.239000
605	hidden_60	output_5	0.389000
606	hidden_60	output_6	0.549000
607	hidden_60	output_7	-0.249000
608	hidden_60	output_8	0.589000
609	hidden_60	output_9	0.229000
610	hidden_61	output_0	-0.019000
611	hidden_61	output_1	-0.359000
612	hidden_61	output_2	0.249000
613	hidden_61	output_3	0.979000
614	hidden_61	output_4	0.499000
615	hidden_61	output_5	-0.839000
616	hidden_61	output_6	-0.689000
617	hidden_61	output_7	0.919000
618	hidden_61	output_8	-0.439000
619	hidden_61	output_9	0.939000
620	hidden_62	output_0	-0.569000
621	hidden_62	output_1	-0.569000
622	hidden_62	output_2	0.939000
623	hidden_62	output_3	0.349000
624	hidden_62	output_4	0.799000
625	hidden_62	output_5	0.899000
626	hidden_62	output_6	-0.859000
627	hidden_62	output_7	-0.599000
628	hidden_62	output_8	-0.719000
629	hidden_62	output_9	-0.409000
630	hidden_63	output_0	-0.639000
631	hidden_63	output_1	-0.489000
632	hidden_63	output_2	-0.329000
633	hidden_63	output_3	-0.699000
634	hidden_63	output_4	-0.319000
635	hidden_63	output_5	0.581000
636	hidden_63	output_6	0.389000
637	hidden_63	output_7	-0.849000
638	hidden_63	output_8	-0.439000
639	hidden_63	output_9	-0.249000
640	hidden_64	output_0	0.879000
641	hidden_64	output_1	-0.049000
642	hidden_64	output_2	0.039000
643	hidden_64	output_3	-0.559000
644	hidden_64	output_4	-0.909000
645	hidden_64	output_5	-0.079000
646	hidden_64	output_6	-0.159000
647	hidden_64	output_7	0.719000
648	hidden_64	output_8	0.419000
649	hidden_64	output_9	-0.049000
650	hidden_65	output_0	-0.929000
651	hidden_65	output_1	0.739000
652	hidden_65	output_2	-0.549000
653	hidden_65	output_3	-0.079000
654	hidden_65	output_4	0.059000
655	hidden_65	output_5	0.099000
656	hidden_65	output_6	0.209000
657	hidden_65	output_7	0.729000
658	hidden_65	output_8	-0.559000
659	hidden_65	output_9	0.939000
660	hidden_66	output_0	-0.129000
661	hidden_66	output_1	0.709000
662	hidden_66	output_2	0.419000
663	hidden_66	output_3	0.339000
664	hidden_66	output_4	-0.609000
665	hidden_66	output_5	0.741000
666	hidden_66	output_6	-0.809000
667	hidden_66	output_7	-0.369000
668	hidden_66	output_8	-0.779000
669	hidden_66	output_9	-0.429000
670	hidden_67	output_0	0.699000
671	hidden_67	output_1	0.709000
672	hidden_67	output_2	0.649000
673	hidden_67	output_3	-0.679000
674	hidden_67	output_4	0.039000
675	hidden_67	output_5	0.309000
676	hidden_67	output_6	0.889000
677	hidden_67	output_7	-0.099000
678	hidden_67	output_8	0.199000
679	hidden_67	output_9	-0.289000
680	hidden_68	output_0	0.669000
681	hidden_68	output_1	0.759000
682	hidden_68	output_2	0.889000
683	hidden_68	output_3	0.869000
684	hidden_68	output_4	-0.839000
685	hidden_68	output_5	0.469000
686	hidden_68	output_6	-0.089000
687	hidden_68	output_7	0.839000
688	hidden_68	output_8	-0.159000
689	hidden_68	output_9	-0.799000
690	hidden_69	output_0	0.099000
691	hidden_69	output_1	-0.829000
692	hidden_69	output_2	-0.429000
693	hidden_69	output_3	0.969000
694	hidden_69	output_4	0.979000
695	hidden_69	output_5	0.409000
696	hidden_69	output_6	-0.049000
697	hidden_69	output_7	-0.989000
698	hidden_69	output_8	-0.339000
699	hidden_69	output_9	-0.429000
700	hidden_70	output_0	0.109000
701	hidden_70	output_1	0.079000
702	hidden_70	output_2	0.389000
703	hidden_70	output_3	0.389000
704	hidden_70	output_4	0.219000
705	hidden_70	output_5	0.301000
706	hidden_70	output_6	-0.759000
707	hidden_70	output_7	-0.889000
708	hidden_70	output_8	-0.369000
709	hidden_70	output_9	0.299000
710	hidden_71	output_0	-0.929000
711	hidden_71	output_1	0.339000
712	hidden_71	output_2	0.509000
713	hidden_71	output_3	0.659000
714	hidden_71	output_4	0.159000
715	hidden_71	output_5	0.001000
716	hidden_71	output_6	-0.259000
717	hidden_71	output_7	0.629000
718	hidden_71	output_8	0.709000
719	hidden_71	output_9	0.069000
720	hidden_72	output_0	0.589000
721	hidden_72	output_1	-0.069000
722	hidden_72	output_2	0.609000
723	hidden_72	output_3	0.609000
724	hidden_72	output_4	0.799000
725	hidden_72	output_5	0.149000
726	hidden_72	output_6	0.869000
727	hidden_72	output_7	0.839000
728	hidden_72	output_8	-0.379000
729	hidden_72	output_9	-0.629000
730	hidden_73	output_0	0.419000
731	hidden_73	output_1	-0.199000
732	hidden_73	output_2	0.759000
733	hidden_73	output_3	-0.979000
734	hidden_73	output_4	-0.639000
735	hidden_73	output_5	-0.709000
736	hidden_73	output_6	-0.859000
737	hidden_73	output_7	-0.949000
738	hidden_73	output_8	-0.989000
739	hidden_73	output_9	-0.829000
740	hidden_74	output_0	-0.939000
741	hidden_74	output_1	-0.169000
742	hidden_74	output_2	0.009000
743	hidden_74	output_3	-0.409000
744	hidden_74	output_4	-0.000000
745	hidden_74	output_5	-0.809000
746	hidden_74	output_6	0.959000
747	hidden_74	output_7	-0.469000
748	hidden_74	output_8	0.539000
749	hidden_74	output_9	-0.399000
750	hidden_75	output_0	0.959000
751	hidden_75	output_1	-0.569000
752	hidden_75	output_2	-0.939000
753	hidden_75	output_3	-0.339000
754	hidden_75	output_4	-0.889000
755	hidden_75	output_5	0.999000
756	hidden_75	output_6	0.969000
757	hidden_75	output_7	-0.499000
758	hidden_75	output_8	-0.889000
759	hidden_75	output_9	0.629000
760	hidden_76	output_0	0.859000
761	hidden_76	output_1	0.899000
762	hidden_76	output_2	0.739000
763	hidden_76	output_3	0.019000
764	hidden_76	output_4	-0.649000
765	hidden_76	output_5	-0.109000
766	hidden_76	output_6	-0.679000
767	hidden_76	output_7	0.449000
768	hidden_76	output_8	0.299000
769	hidden_76	output_9	-0.089000
770	hidden_77	output_0	0.579000
771	hidden_77	output_1	0.349000
772	hidden_77	output_2	-0.659000
773	hidden_77	output_3	-0.219000
774	hidden_77	output_4	0.389000
775	hidden_77	output_5	-0.059000
776	hidden_77	output_6	0.619000
777	hidden_77	output_7	0.939000
778	hidden_77	output_8	0.959000
779	hidden_77	output_9	0.009000
780	hidden_78	output_0	-0.179000
781	hidden_78	output_1	0.129000
782	hidden_78	output_2	0.329000
783	hidden_78	output_3	0.969000
784	hidden_78	output_4	0.289000
785	hidden_78	output_5	0.581000
786	hidden_78	output_6	0.939000
787	hidden_78	output_7	0.259000
788	hidden_78	output_8	0.669000
789	hidden_78	output_9	-0.099000
790	hidden_79	output_0	-0.069000
791	hidden_79	output_1	-0.249000
792	hidden_79	output_2	-0.689000
793	hidden_79	output_3	-0.519000
794	hidden_79	output_4	0.929000
795	hidden_79	output_5	-0.409000
796	hidden_79	output_6	-0.519000
797	hidden_79	output_7	0.439000
798	hidden_79	output_8	0.239000
799	hidden_79	output_9	-0.199000
800	hidden_80	output_0	-0.309000
801	hidden_80	output_1	-0.659000
802	hidden_80	output_2	-0.839000
803	hidden_80	output_3	-0.889000
804	hidden_80	output_4	-0.419000
805	hidden_80	output_5	0.019000
806	hidden_80	output_6	-0.019000
807	hidden_80	output_7	0.389000
808	hidden_80	output_8	0.759000
809	hidden_80	output_9	0.059000
810	hidden_81	output_0	-0.379000
811	hidden_81	output_1	0.909000
812	hidden_81	output_2	-0.649000
813	hidden_81	output_3	0.269000
814	hidden_81	output_4	-0.609000
815	hidden_81	output_5	0.149000
816	hidden_81	output_6	0.959000
817	hidden_81	output_7	-0.739000
818	hidden_81	output_8	0.759000
819	hidden_81	output_9	-0.699000
820	hidden_82	output_0	0.529000
821	hidden_82	output_1	-0.229000
822	hidden_82	output_2	0.019000
823	hidden_82	output_3	-0.209000
824	hidden_82	output_4	0.839000
825	hidden_82	output_5	0.011000
826	hidden_82	output_6	0.199000
827	hidden_82	output_7	0.079000
828	hidden_82	output_8	-0.119000
829	hidden_82	output_9	-0.529000
830	hidden_83	output_0	-0.349000
831	hidden_83	output_1	0.659000
832	hidden_83	output_2	-0.019000
833	hidden_83	output_3	-0.069000
834	hidden_83	output_4	0.359000
835	hidden_83	output_5	0.869000
836	hidden_83	output_6	-0.529000
837	hidden_83	output_7	0.699000
838	hidden_83	output_8	0.679000
839	hidden_83	output_9	-0.519000
840	hidden_84	output_0	-0.669000
841	hidden_84	output_1	0.919000
842	hidden_84	output_2	-0.449000
843	hidden_84	output_3	-0.879000
844	hidden_84	output_4	-0.719000
845	hidden_84	output_5	-0.379000
846	hidden_84	output_6	-0.919000
847	hidden_84	output_7	-0.259000
848	hidden_84	output_8	0.139000
849	hidden_84	output_9	0.559000
850	hidden_85	output_0	0.719000
851	hidden_85	output_1	0.729000
852	hidden_85	output_2	0.869000
853	hidden_85	output_3	-0.159000
854	hidden_85	output_4	0.579000
855	hidden_85	output_5	0.261000
856	hidden_85	output_6	-0.929000
857	hidden_85	output_7	-0.609000
858	hidden_85	output_8	-0.579000
859	hidden_85	output_9	-0.559000
860	hidden_86	output_0	-0.569000
861	hidden_86	output_1	-0.359000
862	hidden_86	output_2	-0.599000
863	hidden_86	output_3	-0.509000
864	hidden_86	output_4	-0.539000
865	hidden_86	output_5	0.289000
866	hidden_86	output_6	-0.419000
867	hidden_86	output_7	-0.749000
868	hidden_86	output_8	0.819000
869	hidden_86	output_9	-0.199000
870	hidden_87	output_0	0.959000
871	hidden_87	output_1	0.329000
872	hidden_87	output_2	-0.579000
873	hidden_87	output_3	-0.739000
874	hidden_87	output_4	0.709000
875	hidden_87	output_5	-0.419000
876	hidden_87	output_6	-0.889000
877	hidden_87	output_7	0.329000
878	hidden_87	output_8	-0.959000
879	hidden_87	output_9	-0.849000
880	hidden_88	output_0	0.509000
881	hidden_88	output_1	-0.429000
882	hidden_88	output_2	0.519000
883	hidden_88	output_3	0.179000
884	hidden_88	output_4	-0.869000
885	hidden_88	output_5	0.849000
886	hidden_88	output_6	-0.339000
887	hidden_88	output_7	0.419000
888	hidden_88	output_8	0.279000
889	hidden_88	output_9	-0.229000
890	hidden_89	output_0	0.749000
891	hidden_89	output_1	-0.869000
892	hidden_89	output_2	-0.399000
893	hidden_89	output_3	0.839000
894	hidden_89	output_4	-0.599000
895	hidden_89	output_5	-0.139000
896	hidden_89	output_6	0.699000
897	hidden_89	output_7	-0.489000
898	hidden_89	output_8	-0.399000
899	hidden_89	output_9	-0.549000
900	hidden_90	output_0	0.459000
901	hidden_90	output_1	0.039000
902	hidden_90	output_2	-0.149000
903	hidden_90	output_3	0.769000
904	hidden_90	output_4	0.329000
905	hidden_90	output_5	-0.749000
906	hidden_90	output_6	0.939000
907	hidden_90	output_7	0.339000
908	hidden_90	output_8	0.649000
909	hidden_90	output_9	0.129000
910	hidden_91	output_0	0.949000
911	hidden_91	output_1	-0.259000
912	hidden_91	output_2	-0.099000
913	hidden_91	output_3	0.069000
914	hidden_91	output_4	-0.359000
915	hidden_91	output_5	0.041000
916	hidden_91	output_6	0.849000
917	hidden_91	output_7	0.499000
918	hidden_91	output_8	-0.599000
919	hidden_91	output_9	0.559000
920	hidden_92	output_0	-0.829000
921	hidden_92	output_1	-0.659000
922	hidden_92	output_2	-0.199000
923	hidden_92	output_3	0.269000
924	hidden_92	output_4	-0.699000
925	hidden_92	output_5	0.169000
926	hidden_92	output_6	0.159000
927	hidden_92	output_7	0.879000
928	hidden_92	output_8	-0.329000
929	hidden_92	output_9	0.889000
930	hidden_93	output_0	-0.429000
931	hidden_93	output_1	0.699000
932	hidden_93	output_2	0.329000
933	hidden_93	output_3	0.279000
934	hidden_93	output_4	-0.179000
935	hidden_93	output_5	-0.779000
936	hidden_93	output_6	-0.089000
937	hidden_93	output_7	-0.079000
938	hidden_93	output_8	0.199000
939	hidden_93	output_9	-0.879000
940	hidden_94	output_0	-0.029000
941	hidden_94	output_1	0.769000
942	hidden_94	output_2	0.719000
943	hidden_94	output_3	-0.109000
944	hidden_94	output_4	0.049000
945	hidden_94	output_5	0.769000
946	hidden_94	output_6	0.989000
947	hidden_94	output_7	-0.509000
948	hidden_94	output_8	0.109000
949	hidden_94	output_9	0.139000
950	hidden_95	output_0	0.109000
951	hidden_95	output_1	-0.469000
952	hidden_95	output_2	0.539000
953	hidden_95	output_3	0.179000
954	hidden_95	output_4	0.099000
955	hidden_95	output_5	-0.759000
956	hidden_95	output_6	0.569000
957	hidden_95	output_7	-0.249000
958	hidden_95	output_8	0.279000
959	hidden_95	output_9	-0.139000
960	hidden_96	output_0	-0.969000
961	hidden_96	output_1	0.719000
962	hidden_96	output_2	0.089000
963	hidden_96	output_3	-0.729000
964	hidden_96	output_4	-0.089000
965	hidden_96	output_5	-0.599000
966	hidden_96	output_6	0.809000
967	hidden_96	output_7	-0.059000
968	hidden_96	output_8	-0.609000
969	hidden_96	output_9	0.669000
970	hidden_97	output_0	0.329000
971	hidden_97	output_1	-0.509000
972	hidden_97	output_2	0.239000
973	hidden_97	output_3	-0.619000
974	hidden_97	output_4	0.549000
975	hidden_97	output_5	-0.139000
976	hidden_97	output_6	0.619000
977	hidden_97	output_7	-0.819000
978	hidden_97	output_8	-0.399000
979	hidden_97	output_9	-0.079000
980	hidden_98	output_0	0.779000
981	hidden_98	output_1	-0.799000
982	hidden_98	output_2	0.999000
983	hidden_98	output_3	-0.949000
984	hidden_98	output_4	-0.609000
985	hidden_98	output_5	0.041000
986	hidden_98	output_6	0.099000
987	hidden_98	output_7	-0.009000
988	hidden_98	output_8	-0.719000
989	hidden_98	output_9	0.389000
990	hidden_99	output_0	0.509000
991	hidden_99	output_1	0.349000
992	hidden_99	output_2	0.819000
993	hidden_99	output_3	-0.229000
994	hidden_99	output_4	-0.229000
995	hidden_99	output_5	-0.459000
996	hidden_99	output_6	0.619000
997	hidden_99	output_7	-0.769000
998	hidden_99	output_8	0.859000
999	hidden_99	output_9	0.889000
