0	hidden_0	output_0	-0.230000
1	hidden_0	output_1	0.510000
2	hidden_0	output_2	0.090000
3	hidden_0	output_3	0.090000
4	hidden_0	output_4	0.590000
5	hidden_0	output_5	0.630000
6	hidden_0	output_6	0.530000
7	hidden_0	output_7	0.480000
8	hidden_0	output_8	-0.240000
9	hidden_0	output_9	-0.400000
10	hidden_1	output_0	0.040000
11	hidden_1	output_1	-0.630000
12	hidden_1	output_2	-0.860000
13	hidden_1	output_3	-0.640000
14	hidden_1	output_4	0.350000
15	hidden_1	output_5	0.840000
16	hidden_1	output_6	0.320000
17	hidden_1	output_7	0.440000
18	hidden_1	output_8	-0.850000
19	hidden_1	output_9	-0.300000
20	hidden_2	output_0	0.260000
21	hidden_2	output_1	-0.040000
22	hidden_2	output_2	-0.380000
23	hidden_2	output_3	0.870000
24	hidden_2	output_4	-0.530000
25	hidden_2	output_5	0.350000
26	hidden_2	output_6	-0.060000
27	hidden_2	output_7	0.940000
28	hidden_2	output_8	-1.000000
29	hidden_2	output_9	0.340000
30	hidden_3	output_0	0.690000
31	hidden_3	output_1	0.550000
32	hidden_3	output_2	-0.940000
33	hidden_3	output_3	-0.360000
34	hidden_3	output_4	-0.030000
35	hidden_3	output_5	-0.160000
36	hidden_3	output_6	-0.560000
37	hidden_3	output_7	-0.920000
38	hidden_3	output_8	0.180000
39	hidden_3	output_9	0.910000
40	hidden_4	output_0	0.040000
41	hidden_4	output_1	-0.430000
42	hidden_4	output_2	-0.670000
43	hidden_4	output_3	0.890000
44	hidden_4	output_4	0.780000
45	hidden_4	output_5	-0.830000
46	hidden_4	output_6	0.650000
47	hidden_4	output_7	0.400000
48	hidden_4	output_8	-0.380000
49	hidden_4	output_9	0.070000
50	hidden_5	output_0	-0.300000
51	hidden_5	output_1	-0.270000
52	hidden_5	output_2	0.090000
53	hidden_5	output_3	0.620000
54	hidden_5	output_4	-0.370000
55	hidden_5	output_5	-0.760000
56	hidden_5	output_6	0.800000
57	hidden_5	output_7	-0.390000
58	hidden_5	output_8	-0.580000
59	hidden_5	output_9	0.680000
60	hidden_6	output_0	-0.080000
61	hidden_6	output_1	0.680000
62	hidden_6	output_2	0.980000
63	hidden_6	output_3	-0.670000
64	hidden_6	output_4	0.440000
65	hidden_6	output_5	-0.220000
66	hidden_6	output_6	-0.200000
67	hidden_6	output_7	-0.270000
68	hidden_6	output_8	0.030000
69	hidden_6	output_9	0.480000
70	hidden_7	output_0	-0.690000
71	hidden_7	output_1	-0.190000
72	hidden_7	output_2	-0.590000
73	hidden_7	output_3	-0.720000
74	hidden_7	output_4	-0.870000
75	hidden_7	output_5	0.840000
76	hidden_7	output_6	-0.290000
77	hidden_7	output_7	-0.020000
78	hidden_7	output_8	-0.590000
79	hidden_7	output_9	-0.070000
80	hidden_8	output_0	-0.990000
81	hidden_8	output_1	0.110000
82	hidden_8	output_2	-0.460000
83	hidden_8	output_3	-0.180000
84	hidden_8	output_4	-0.760000
85	hidden_8	output_5	0.440000
86	hidden_8	output_6	-0.920000
87	hidden_8	output_7	-0.890000
88	hidden_8	output_8	0.750000
89	hidden_8	output_9	0.300000
90	hidden_9	output_0	-0.160000
91	hidden_9	output_1	0.360000
92	hidden_9	output_2	-0.010000
93	hidden_9	output_3	-0.390000
94	hidden_9	output_4	-0.740000
95	hidden_9	output_5	-0.200000
96	hidden_9	output_6	0.560000
97	hidden_9	output_7	-0.770000
98	hidden_9	output_8	-0.880000
99	hidden_9	output_9	0.710000
100	hidden_10	output_0	0.220000
101	hidden_10	output_1	-0.690000
102	hidden_10	output_2	-0.420000
103	hidden_10	output_3	0.730000
104	hidden_10	output_4	-0.290000
105	hidden_10	output_5	0.660000
106	hidden_10	output_6	0.180000
107	hidden_10	output_7	-0.750000
108	hidden_10	output_8	-0.480000
109	hidden_10	output_9	-0.200000
110	hidden_11	output_0	-0.620000
111	hidden_11	output_1	0.800000
112	hidden_11	output_2	0.690000
113	hidden_11	output_3	0.590000
114	hidden_11	output_4	0.880000
115	hidden_11	output_5	-0.270000
116	hidden_11	output_6	-0.830000
117	hidden_11	output_7	0.760000
118	hidden_11	output_8	0.650000
119	hidden_11	output_9	-0.400000
120	hidden_12	output_0	-0.510000
121	hidden_12	output_1	0.720000
122	hidden_12	output_2	-0.350000
123	hidden_12	output_3	-0.710000
124	hidden_12	output_4	-0.460000
125	hidden_12	output_5	0.440000
126	hidden_12	output_6	0.330000
127	hidden_12	output_7	-0.620000
128	hidden_12	output_8	-0.690000
129	hidden_12	output_9	-0.130000
130	hidden_13	output_0	-0.150000
131	hidden_13	output_1	-0.910000
132	hidden_13	output_2	-0.810000
133	hidden_13	output_3	0.660000
134	hidden_13	output_4	-0.080000
135	hidden_13	output_5	-1.000000
136	hidden_13	output_6	0.550000
137	hidden_13	output_7	0.160000
138	hidden_13	output_8	0.380000
139	hidden_13	output_9	0.500000
140	hidden_14	output_0	-0.720000
141	hidden_14	output_1	-0.060000
142	hidden_14	output_2	-0.530000
143	hidden_14	output_3	-0.050000
144	hidden_14	output_4	-0.660000
145	hidden_14	output_5	0.790000
146	hidden_14	output_6	0.660000
147	hidden_14	output_7	0.180000
148	hidden_14	output_8	0.120000
149	hidden_14	output_9	0.910000
150	hidden_15	output_0	0.350000
151	hidden_15	output_1	-0.160000
152	hidden_15	output_2	-0.370000
153	hidden_15	output_3	0.270000
154	hidden_15	output_4	0.360000
155	hidden_15	output_5	0.640000
156	hidden_15	output_6	0.930000
157	hidden_15	output_7	0.360000
158	hidden_15	output_8	0.770000
159	hidden_15	output_9	-0.120000
160	hidden_16	output_0	0.520000
161	hidden_16	output_1	-0.820000
162	hidden_16	output_2	0.630000
163	hidden_16	output_3	-0.780000
164	hidden_16	output_4	-0.700000
165	hidden_16	output_5	0.160000
166	hidden_16	output_6	-0.020000
167	hidden_16	output_7	0.270000
168	hidden_16	output_8	-0.720000
169	hidden_16	output_9	0.550000
170	hidden_17	output_0	-0.180000
171	hidden_17	output_1	0.550000
172	hidden_17	output_2	0.910000
173	hidden_17	output_3	-0.710000
174	hidden_17	output_4	-0.580000
175	hidden_17	output_5	0.730000
176	hidden_17	output_6	-0.420000
177	hidden_17	output_7	-0.320000
178	hidden_17	output_8	-0.230000
179	hidden_17	output_9	-0.850000
180	hidden_18	output_0	-0.410000
181	hidden_18	output_1	-0.640000
182	hidden_18	output_2	0.640000
183	hidden_18	output_3	0.230000
184	hidden_18	output_4	-0.850000
185	hidden_18	output_5	0.740000
186	hidden_18	output_6	0.270000
187	hidden_18	output_7	-0.400000
188	hidden_18	output_8	-0.010000
189	hidden_18	output_9	0.850000
190	hidden_19	output_0	-0.930000
191	hidden_19	output_1	-0.520000
192	hidden_19	output_2	-0.850000
193	hidden_19	output_3	0.860000
194	hidden_19	output_4	-0.380000
195	hidden_19	output_5	0.700000
196	hidden_19	output_6	-0.260000
197	hidden_19	output_7	0.600000
198	hidden_19	output_8	-0.180000
199	hidden_19	output_9	-0.140000
200	hidden_20	output_0	-0.070000
201	hidden_20	output_1	0.110000
202	hidden_20	output_2	-0.040000
203	hidden_20	output_3	-0.480000
204	hidden_20	output_4	-0.830000
205	hidden_20	output_5	-0.880000
206	hidden_20	output_6	0.300000
207	hidden_20	output_7	0.780000
208	hidden_20	output_8	0.770000
209	hidden_20	output_9	0.190000
210	hidden_21	output_0	0.970000
211	hidden_21	output_1	0.130000
212	hidden_21	output_2	0.240000
213	hidden_21	output_3	0.860000
214	hidden_21	output_4	0.260000
215	hidden_21	output_5	-0.610000
216	hidden_21	output_6	0.280000
217	hidden_21	output_7	-0.380000
218	hidden_21	output_8	0.560000
219	hidden_21	output_9	0.080000
220	hidden_22	output_0	0.870000
221	hidden_22	output_1	0.450000
222	hidden_22	output_2	0.280000
223	hidden_22	output_3	-0.710000
224	hidden_22	output_4	0.970000
225	hidden_22	output_5	-0.630000
226	hidden_22	output_6	0.590000
227	hidden_22	output_7	0.720000
228	hidden_22	output_8	-0.550000
229	hidden_22	output_9	-0.840000
230	hidden_23	output_0	-0.850000
231	hidden_23	output_1	-0.610000
232	hidden_23	output_2	-0.660000
233	hidden_23	output_3	-0.700000
234	hidden_23	output_4	0.860000
235	hidden_23	output_5	-0.870000
236	hidden_23	output_6	-0.380000
237	hidden_23	output_7	-0.660000
238	hidden_23	output_8	0.590000
239	hidden_23	output_9	-0.850000
240	hidden_24	output_0	0.030000
241	hidden_24	output_1	0.150000
242	hidden_24	output_2	-0.360000
243	hidden_24	output_3	-0.390000
244	hidden_24	output_4	0.640000
245	hidden_24	output_5	0.270000
246	hidden_24	output_6	0.810000
247	hidden_24	output_7	-1.000000
248	hidden_24	output_8	-0.900000
249	hidden_24	output_9	-0.890000
250	hidden_25	output_0	0.740000
251	hidden_25	output_1	0.340000
252	hidden_25	output_2	-0.370000
253	hidden_25	output_3	-0.020000
254	hidden_25	output_4	-0.350000
255	hidden_25	output_5	-0.560000
256	hidden_25	output_6	0.310000
257	hidden_25	output_7	-0.190000
258	hidden_25	output_8	0.460000
259	hidden_25	output_9	-0.140000
260	hidden_26	output_0	0.670000
261	hidden_26	output_1	0.920000
262	hidden_26	output_2	0.730000
263	hidden_26	output_3	-0.150000
264	hidden_26	output_4	0.890000
265	hidden_26	output_5	0.040000
266	hidden_26	output_6	0.250000
267	hidden_26	output_7	-0.890000
268	hidden_26	output_8	0.810000
269	hidden_26	output_9	0.400000
270	hidden_27	output_0	0.570000
271	hidden_27	output_1	-0.830000
272	hidden_27	output_2	-0.720000
273	hidden_27	output_3	-0.860000
274	hidden_27	output_4	0.460000
275	hidden_27	output_5	0.710000
276	hidden_27	output_6	0.280000
277	hidden_27	output_7	0.390000
278	hidden_27	output_8	0.660000
279	hidden_27	output_9	0.860000
280	hidden_28	output_0	-0.200000
281	hidden_28	output_1	-0.030000
282	hidden_28	output_2	-0.770000
283	hidden_28	output_3	-0.100000
284	hidden_28	output_4	-0.290000
285	hidden_28	output_5	-0.750000
286	hidden_28	output_6	-0.730000
287	hidden_28	output_7	-0.590000
288	hidden_28	output_8	-0.070000
289	hidden_28	output_9	0.360000
290	hidden_29	output_0	-0.450000
291	hidden_29	output_1	0.630000
292	hidden_29	output_2	0.290000
293	hidden_29	output_3	0.310000
294	hidden_29	output_4	0.560000
295	hidden_29	output_5	-0.340000
296	hidden_29	output_6	0.950000
297	hidden_29	output_7	-0.870000
298	hidden_29	output_8	-0.990000
299	hidden_29	output_9	0.290000
300	hidden_30	output_0	0.780000
301	hidden_30	output_1	-0.280000
302	hidden_30	output_2	0.240000
303	hidden_30	output_3	0.750000
304	hidden_30	output_4	-0.110000
305	hidden_30	output_5	0.080000
306	hidden_30	output_6	0.830000
307	hidden_30	output_7	0.760000
308	hidden_30	output_8	-0.280000
309	hidden_30	output_9	-0.730000
310	hidden_31	output_0	-0.100000
311	hidden_31	output_1	-0.200000
312	hidden_31	output_2	0.650000
313	hidden_31	output_3	-0.520000
314	hidden_31	output_4	0.070000
315	hidden_31	output_5	0.540000
316	hidden_31	output_6	1.000000
317	hidden_31	output_7	0.030000
318	hidden_31	output_8	-0.180000
319	hidden_31	output_9	-0.110000
320	hidden_32	output_0	0.080000
321	hidden_32	output_1	0.660000
322	hidden_32	output_2	-0.560000
323	hidden_32	output_3	0.950000
324	hidden_32	output_4	0.710000
325	hidden_32	output_5	-0.620000
326	hidden_32	output_6	-0.900000
327	hidden_32	output_7	-0.950000
328	hidden_32	output_8	0.800000
329	hidden_32	output_9	-0.990000
330	hidden_33	output_0	-0.540000
331	hidden_33	output_1	0.360000
332	hidden_33	output_2	0.920000
333	hidden_33	output_3	-0.800000
334	hidden_33	output_4	-0.010000
335	hidden_33	output_5	0.380000
336	hidden_33	output_6	0.430000
337	hidden_33	output_7	-0.260000
338	hidden_33	output_8	0.040000
339	hidden_33	output_9	0.740000
340	hidden_34	output_0	1.000000
341	hidden_34	output_1	-0.010000
342	hidden_34	output_2	0.490000
343	hidden_34	output_3	0.350000
344	hidden_34	output_4	0.100000
345	hidden_34	output_5	-0.030000
346	hidden_34	output_6	0.640000
347	hidden_34	output_7	0.330000
348	hidden_34	output_8	0.590000
349	hidden_34	output_9	0.240000
350	hidden_35	output_0	-0.890000
351	hidden_35	output_1	-0.170000
352	hidden_35	output_2	-0.190000
353	hidden_35	output_3	-0.930000
354	hidden_35	output_4	0.390000
355	hidden_35	output_5	0.580000
356	hidden_35	output_6	0.090000
357	hidden_35	output_7	0.430000
358	hidden_35	output_8	-0.340000
359	hidden_35	output_9	0.430000
360	hidden_36	output_0	0.040000
361	hidden_36	output_1	-0.910000
362	hidden_36	output_2	0.430000
363	hidden_36	output_3	0.100000
364	hidden_36	output_4	-0.010000
365	hidden_36	output_5	-0.370000
366	hidden_36	output_6	0.860000
367	hidden_36	output_7	-0.430000
368	hidden_36	output_8	0.070000
369	hidden_36	output_9	-0.810000
370	hidden_37	output_0	-0.720000
371	hidden_37	output_1	-0.580000
372	hidden_37	output_2	0.750000
373	hidden_37	output_3	-0.440000
374	hidden_37	output_4	0.800000
375	hidden_37	output_5	-0.020000
376	hidden_37	output_6	-0.020000
377	hidden_37	output_7	-0.550000
378	hidden_37	output_8	-0.280000
379	hidden_37	output_9	-0.470000
380	hidden_38	output_0	0.400000
381	hidden_38	output_1	-0.290000
382	hidden_38	output_2	0.900000
383	hidden_38	output_3	-0.920000
384	hidden_38	output_4	-0.990000
385	hidden_38	output_5	0.040000
386	hidden_38	output_6	0.540000
387	hidden_38	output_7	-0.750000
388	hidden_38	output_8	0.160000
389	hidden_38	output_9	0.750000
390	hidden_39	output_0	0.420000
391	hidden_39	output_1	0.870000
392	hidden_39	output_2	-0.130000
393	hidden_39	output_3	-0.150000
394	hidden_39	output_4	-0.740000
395	hidden_39	output_5	-0.560000
396	hidden_39	output_6	0.750000
397	hidden_39	output_7	0.290000
398	hidden_39	output_8	0.540000
399	hidden_39	output_9	-0.610000
400	hidden_40	output_0	-0.400000
401	hidden_40	output_1	-0.880000
402	hidden_40	output_2	-0.000000
403	hidden_40	output_3	-0.660000
404	hidden_40	output_4	-0.230000
405	hidden_40	output_5	0.190000
406	hidden_40	output_6	0.830000
407	hidden_40	output_7	0.770000
408	hidden_40	output_8	0.290000
409	hidden_40	output_9	-0.940000
410	hidden_41	output_0	0.540000
411	hidden_41	output_1	0.010000
412	hidden_41	output_2	-0.270000
413	hidden_41	output_3	0.830000
414	hidden_41	output_4	-0.290000
415	hidden_41	output_5	0.630000
416	hidden_41	output_6	0.610000
417	hidden_41	output_7	-0.220000
418	hidden_41	output_8	0.160000
419	hidden_41	output_9	0.390000
420	hidden_42	output_0	-0.340000
421	hidden_42	output_1	-0.240000
422	hidden_42	output_2	0.440000
423	hidden_42	output_3	0.370000
424	hidden_42	output_4	0.470000
425	hidden_42	output_5	-0.230000
426	hidden_42	output_6	-0.530000
427	hidden_42	output_7	-0.170000
428	hidden_42	output_8	0.950000
429	hidden_42	output_9	0.130000
430	hidden_43	output_0	0.380000
431	hidden_43	output_1	-0.430000
432	hidden_43	output_2	0.590000
433	hidden_43	output_3	0.820000
434	hidden_43	output_4	0.750000
435	hidden_43	output_5	-0.280000
436	hidden_43	output_6	-0.560000
437	hidden_43	output_7	0.200000
438	hidden_43	output_8	0.150000
439	hidden_43	output_9	-0.660000
440	hidden_44	output_0	-0.970000
441	hidden_44	output_1	0.810000
442	hidden_44	output_2	0.640000
443	hidden_44	output_3	-0.140000
444	hidden_44	output_4	-0.840000
445	hidden_44	output_5	0.060000
446	hidden_44	output_6	-0.120000
447	hidden_44	output_7	0.320000
448	hidden_44	output_8	-0.450000
449	hidden_44	output_9	-0.300000
450	hidden_45	output_0	0.290000
451	hidden_45	output_1	0.460000
452	hidden_45	output_2	-0.560000
453	hidden_45	output_3	-0.210000
454	hidden_45	output_4	0.540000
455	hidden_45	output_5	0.230000
456	hidden_45	output_6	-0.700000
457	hidden_45	output_7	-0.320000
458	hidden_45	output_8	0.370000
459	hidden_45	output_9	-0.910000
460	hidden_46	output_0	0.860000
461	hidden_46	output_1	0.500000
462	hidden_46	output_2	-0.340000
463	hidden_46	output_3	-0.830000
464	hidden_46	output_4	0.660000
465	hidden_46	output_5	-0.810000
466	hidden_46	output_6	0.200000
467	hidden_46	output_7	0.600000
468	hidden_46	output_8	-0.890000
469	hidden_46	output_9	0.690000
470	hidden_47	output_0	-0.980000
471	hidden_47	output_1	0.940000
472	hidden_47	output_2	0.010000
473	hidden_47	output_3	0.210000
474	hidden_47	output_4	0.720000
475	hidden_47	output_5	0.970000
476	hidden_47	output_6	-0.670000
477	hidden_47	output_7	-0.860000
478	hidden_47	output_8	0.760000
479	hidden_47	output_9	-0.490000
480	hidden_48	output_0	-0.000000
481	hidden_48	output_1	0.600000
482	hidden_48	output_2	0.630000
483	hidden_48	output_3	0.090000
484	hidden_48	output_4	0.990000
485	hidden_48	output_5	0.890000
486	hidden_48	output_6	-0.560000
487	hidden_48	output_7	0.790000
488	hidden_48	output_8	0.100000
489	hidden_48	output_9	-0.640000
490	hidden_49	output_0	-0.200000
491	hidden_49	output_1	-0.310000
492	hidden_49	output_2	0.720000
493	hidden_49	output_3	0.780000
494	hidden_49	output_4	-0.520000
495	hidden_49	output_5	-0.270000
496	hidden_49	output_6	-0.940000
497	hidden_49	output_7	-0.940000
498	hidden_49	output_8	-0.390000
499	hidden_49	output_9	-0.760000
500	hidden_50	output_0	0.740000
501	hidden_50	output_1	0.980000
502	hidden_50	output_2	-0.360000
503	hidden_50	output_3	-0.880000
504	hidden_50	output_4	-0.550000
505	hidden_50	output_5	0.360000
506	hidden_50	output_6	-0.310000
507	hidden_50	output_7	0.290000
508	hidden_50	output_8	-0.290000
509	hidden_50	output_9	-0.290000
510	hidden_51	output_0	-0.510000
511	hidden_51	output_1	0.710000
512	hidden_51	output_2	-0.350000
513	hidden_51	output_3	-0.870000
514	hidden_51	output_4	0.360000
515	hidden_51	output_5	0.330000
516	hidden_51	output_6	-0.410000
517	hidden_51	output_7	0.760000
518	hidden_51	output_8	-0.910000
519	hidden_51	output_9	0.960000
520	hidden_52	output_0	0.060000
521	hidden_52	output_1	-0.870000
522	hidden_52	output_2	-0.330000
523	hidden_52	output_3	0.350000
524	hidden_52	output_4	0.810000
525	hidden_52	output_5	0.120000
526	hidden_52	output_6	0.710000
527	hidden_52	output_7	0.250000
528	hidden_52	output_8	-0.460000
529	hidden_52	output_9	-0.970000
530	hidden_53	output_0	0.180000
531	hidden_53	output_1	-0.020000
532	hidden_53	output_2	-0.070000
533	hidden_53	output_3	-0.870000
534	hidden_53	output_4	0.220000
535	hidden_53	output_5	0.830000
536	hidden_53	output_6	0.350000
537	hidden_53	output_7	-0.800000
538	hidden_53	output_8	-0.020000
539	hidden_53	output_9	0.600000
540	hidden_54	output_0	0.710000
541	hidden_54	output_1	-0.390000
542	hidden_54	output_2	-0.050000
543	hidden_54	output_3	0.310000
544	hidden_54	output_4	-0.490000
545	hidden_54	output_5	-0.890000
546	hidden_54	output_6	0.680000
547	hidden_54	output_7	-0.430000
548	hidden_54	output_8	-0.060000
549	hidden_54	output_9	0.170000
550	hidden_55	output_0	-0.980000
551	hidden_55	output_1	0.960000
552	hidden_55	output_2	-0.600000
553	hidden_55	output_3	0.480000
554	hidden_55	output_4	0.720000
555	hidden_55	output_5	-0.750000
556	hidden_55	output_6	0.350000
557	hidden_55	output_7	-0.150000
558	hidden_55	output_8	-0.410000
559	hidden_55	output_9	-0.260000
560	hidden_56	output_0	0.230000
561	hidden_56	output_1	0.500000
562	hidden_56	output_2	0.880000
563	hidden_56	output_3	-0.400000
564	hidden_56	output_4	0.230000
565	hidden_56	output_5	0.040000
566	hidden_56	output_6	-0.640000
567	hidden_56	output_7	-0.250000
568	hidden_56	output_8	-0.780000
569	hidden_56	output_9	0.060000
570	hidden_57	output_0	-0.700000
571	hidden_57	output_1	-0.420000
572	hidden_57	output_2	0.230000
573	hidden_57	output_3	-0.840000
574	hidden_57	output_4	-0.900000
575	hidden_57	output_5	0.510000
576	hidden_57	output_6	0.750000
577	hidden_57	output_7	-0.220000
578	hidden_57	output_8	0.070000
579	hidden_57	output_9	-0.470000
580	hidden_58	output_0	0.340000
581	hidden_58	output_1	-0.790000
582	hidden_58	output_2	-0.470000
583	hidden_58	output_3	-0.400000
584	hidden_58	output_4	-0.470000
585	hidden_58	output_5	0.810000
586	hidden_58	output_6	0.830000
587	hidden_58	output_7	0.140000
588	hidden_58	output_8	-0.850000
589	hidden_58	output_9	-0.380000
590	hidden_59	output_0	0.770000
591	hidden_59	output_1	0.130000
592	hidden_59	output_2	0.860000
593	hidden_59	output_3	-0.360000
594	hidden_59	output_4	0.290000
595	hidden_59	output_5	-0.650000
596	hidden_59	output_6	0.760000
597	hidden_59	output_7	0.930000
598	hidden_59	output_8	0.280000
599	hidden_59	output_9	0.110000
600	hidden_60	output_0	0.860000
601	hidden_60	output_1	-0.530000
602	hidden_60	output_2	0.750000
603	hidden_60	output_3	-0.850000
604	hidden_60	output_4	-0.240000
605	hidden_60	output_5	0.390000
606	hidden_60	output_6	0.550000
607	hidden_60	output_7	-0.250000
608	hidden_60	output_8	0.590000
609	hidden_60	output_9	0.230000
610	hidden_61	output_0	-0.020000
611	hidden_61	output_1	-0.360000
612	hidden_61	output_2	0.250000
613	hidden_61	output_3	0.980000
614	hidden_61	output_4	0.500000
615	hidden_61	output_5	-0.840000
616	hidden_61	output_6	-0.690000
617	hidden_61	output_7	0.920000
618	hidden_61	output_8	-0.440000
619	hidden_61	output_9	0.940000
620	hidden_62	output_0	-0.570000
621	hidden_62	output_1	-0.570000
622	hidden_62	output_2	0.940000
623	hidden_62	output_3	0.350000
624	hidden_62	output_4	0.800000
625	hidden_62	output_5	0.900000
626	hidden_62	output_6	-0.860000
627	hidden_62	output_7	-0.600000
628	hidden_62	output_8	-0.720000
629	hidden_62	output_9	-0.410000
630	hidden_63	output_0	-0.640000
631	hidden_63	output_1	-0.490000
632	hidden_63	output_2	-0.330000
633	hidden_63	output_3	-0.700000
634	hidden_63	output_4	-0.320000
635	hidden_63	output_5	0.580000
636	hidden_63	output_6	0.390000
637	hidden_63	output_7	-0.850000
638	hidden_63	output_8	-0.440000
639	hidden_63	output_9	-0.250000
640	hidden_64	output_0	0.880000
641	hidden_64	output_1	-0.050000
642	hidden_64	output_2	0.040000
643	hidden_64	output_3	-0.560000
644	hidden_64	output_4	-0.910000
645	hidden_64	output_5	-0.080000
646	hidden_64	output_6	-0.160000
647	hidden_64	output_7	0.720000
648	hidden_64	output_8	0.420000
649	hidden_64	output_9	-0.050000
650	hidden_65	output_0	-0.930000
651	hidden_65	output_1	0.740000
652	hidden_65	output_2	-0.550000
653	hidden_65	output_3	-0.080000
654	hidden_65	output_4	0.060000
655	hidden_65	output_5	0.100000
656	hidden_65	output_6	0.210000
657	hidden_65	output_7	0.730000
658	hidden_65	output_8	-0.560000
659	hidden_65	output_9	0.940000
660	hidden_66	output_0	-0.130000
661	hidden_66	output_1	0.710000
662	hidden_66	output_2	0.420000
663	hidden_66	output_3	0.340000
664	hidden_66	output_4	-0.610000
665	hidden_66	output_5	0.740000
666	hidden_66	output_6	-0.810000
667	hidden_66	output_7	-0.370000
668	hidden_66	output_8	-0.780000
669	hidden_66	output_9	-0.430000
670	hidden_67	output_0	0.700000
671	hidden_67	output_1	0.710000
672	hidden_67	output_2	0.650000
673	hidden_67	output_3	-0.680000
674	hidden_67	output_4	0.040000
675	hidden_67	output_5	0.310000
676	hidden_67	output_6	0.890000
677	hidden_67	output_7	-0.100000
678	hidden_67	output_8	0.200000
679	hidden_67	output_9	-0.290000
680	hidden_68	output_0	0.670000
681	hidden_68	output_1	0.760000
682	hidden_68	output_2	0.890000
683	hidden_68	output_3	0.870000
684	hidden_68	output_4	-0.840000
685	hidden_68	output_5	0.470000
686	hidden_68	output_6	-0.090000
687	hidden_68	output_7	0.840000
688	hidden_68	output_8	-0.160000
689	hidden_68	output_9	-0.800000
690	hidden_69	output_0	0.100000
691	hidden_69	output_1	-0.830000
692	hidden_69	output_2	-0.430000
693	hidden_69	output_3	0.970000
694	hidden_69	output_4	0.980000
695	hidden_69	output_5	0.410000
696	hidden_69	output_6	-0.050000
697	hidden_69	output_7	-0.990000
698	hidden_69	output_8	-0.340000
699	hidden_69	output_9	-0.430000
700	hidden_70	output_0	0.110000
701	hidden_70	output_1	0.080000
702	hidden_70	output_2	0.390000
703	hidden_70	output_3	0.390000
704	hidden_70	output_4	0.220000
705	hidden_70	output_5	0.300000
706	hidden_70	output_6	-0.760000
707	hidden_70	output_7	-0.890000
708	hidden_70	output_8	-0.370000
709	hidden_70	output_9	0.300000
710	hidden_71	output_0	-0.930000
711	hidden_71	output_1	0.340000
712	hidden_71	output_2	0.510000
713	hidden_71	output_3	0.660000
714	hidden_71	output_4	0.160000
715	hidden_71	output_5	0.000000
716	hidden_71	output_6	-0.260000
717	hidden_71	output_7	0.630000
718	hidden_71	output_8	0.710000
719	hidden_71	output_9	0.070000
720	hidden_72	output_0	0.590000
721	hidden_72	output_1	-0.070000
722	hidden_72	output_2	0.610000
723	hidden_72	output_3	0.610000
724	hidden_72	output_4	0.800000
725	hidden_72	output_5	0.150000
726	hidden_72	output_6	0.870000
727	hidden_72	output_7	0.840000
728	hidden_72	output_8	-0.380000
729	hidden_72	output_9	-0.630000
730	hidden_73	output_0	0.420000
731	hidden_73	output_1	-0.200000
732	hidden_73	output_2	0.760000
733	hidden_73	output_3	-0.980000
734	hidden_73	output_4	-0.640000
735	hidden_73	output_5	-0.710000
736	hidden_73	output_6	-0.860000
737	hidden_73	output_7	-0.950000
738	hidden_73	output_8	-0.990000
739	hidden_73	output_9	-0.830000
740	hidden_74	output_0	-0.940000
741	hidden_74	output_1	-0.170000
742	hidden_74	output_2	0.010000
743	hidden_74	output_3	-0.410000
744	hidden_74	output_4	-0.000000
745	hidden_74	output_5	-0.810000
746	hidden_74	output_6	0.960000
747	hidden_74	output_7	-0.470000
748	hidden_74	output_8	0.540000
749	hidden_74	output_9	-0.400000
750	hidden_75	output_0	0.960000
751	hidden_75	output_1	-0.570000
752	hidden_75	output_2	-0.940000
753	hidden_75	output_3	-0.340000
754	hidden_75	output_4	-0.890000
755	hidden_75	output_5	1.000000
756	hidden_75	output_6	0.970000
757	hidden_75	output_7	-0.500000
758	hidden_75	output_8	-0.890000
759	hidden_75	output_9	0.630000
760	hidden_76	output_0	0.860000
761	hidden_76	output_1	0.900000
762	hidden_76	output_2	0.740000
763	hidden_76	output_3	0.020000
764	hidden_76	output_4	-0.650000
765	hidden_76	output_5	-0.110000
766	hidden_76	output_6	-0.680000
767	hidden_76	output_7	0.450000
768	hidden_76	output_8	0.300000
769	hidden_76	output_9	-0.090000
770	hidden_77	output_0	0.580000
771	hidden_77	output_1	0.350000
772	hidden_77	output_2	-0.660000
773	hidden_77	output_3	-0.220000
774	hidden_77	output_4	0.390000
775	hidden_77	output_5	-0.060000
776	hidden_77	output_6	0.620000
777	hidden_77	output_7	0.940000
778	hidden_77	output_8	0.960000
779	hidden_77	output_9	0.010000
780	hidden_78	output_0	-0.180000
781	hidden_78	output_1	0.130000
782	hidden_78	output_2	0.330000
783	hidden_78	output_3	0.970000
784	hidden_78	output_4	0.290000
785	hidden_78	output_5	0.580000
786	hidden_78	output_6	0.940000
787	hidden_78	output_7	0.260000
788	hidden_78	output_8	0.670000
789	hidden_78	output_9	-0.100000
790	hidden_79	output_0	-0.070000
791	hidden_79	output_1	-0.250000
792	hidden_79	output_2	-0.690000
793	hidden_79	output_3	-0.520000
794	hidden_79	output_4	0.930000
795	hidden_79	output_5	-0.410000
796	hidden_79	output_6	-0.520000
797	hidden_79	output_7	0.440000
798	hidden_79	output_8	0.240000
799	hidden_79	output_9	-0.200000
800	hidden_80	output_0	-0.310000
801	hidden_80	output_1	-0.660000
802	hidden_80	output_2	-0.840000
803	hidden_80	output_3	-0.890000
804	hidden_80	output_4	-0.420000
805	hidden_80	output_5	0.020000
806	hidden_80	output_6	-0.020000
807	hidden_80	output_7	0.390000
808	hidden_80	output_8	0.760000
809	hidden_80	output_9	0.060000
810	hidden_81	output_0	-0.380000
811	hidden_81	output_1	0.910000
812	hidden_81	output_2	-0.650000
813	hidden_81	output_3	0.270000
814	hidden_81	output_4	-0.610000
815	hidden_81	output_5	0.150000
816	hidden_81	output_6	0.960000
817	hidden_81	output_7	-0.740000
818	hidden_81	output_8	0.760000
819	hidden_81	output_9	-0.700000
820	hidden_82	output_0	0.530000
821	hidden_82	output_1	-0.230000
822	hidden_82	output_2	0.020000
823	hidden_82	output_3	-0.210000
824	hidden_82	output_4	0.840000
825	hidden_82	output_5	0.010000
826	hidden_82	output_6	0.200000
827	hidden_82	output_7	0.080000
828	hidden_82	output_8	-0.120000
829	hidden_82	output_9	-0.530000
830	hidden_83	output_0	-0.350000
831	hidden_83	output_1	0.660000
832	hidden_83	output_2	-0.020000
833	hidden_83	output_3	-0.070000
834	hidden_83	output_4	0.360000
835	hidden_83	output_5	0.870000
836	hidden_83	output_6	-0.530000
837	hidden_83	output_7	0.700000
838	hidden_83	output_8	0.680000
839	hidden_83	output_9	-0.520000
840	hidden_84	output_0	-0.670000
841	hidden_84	output_1	0.920000
842	hidden_84	output_2	-0.450000
843	hidden_84	output_3	-0.880000
844	hidden_84	output_4	-0.720000
845	hidden_84	output_5	-0.380000
846	hidden_84	output_6	-0.920000
847	hidden_84	output_7	-0.260000
848	hidden_84	output_8	0.140000
849	hidden_84	output_9	0.560000
850	hidden_85	output_0	0.720000
851	hidden_85	output_1	0.730000
852	hidden_85	output_2	0.870000
853	hidden_85	output_3	-0.160000
854	hidden_85	output_4	0.580000
855	hidden_85	output_5	0.260000
856	hidden_85	output_6	-0.930000
857	hidden_85	output_7	-0.610000
858	hidden_85	output_8	-0.580000
859	hidden_85	output_9	-0.560000
860	hidden_86	output_0	-0.570000
861	hidden_86	output_1	-0.360000
862	hidden_86	output_2	-0.600000
863	hidden_86	output_3	-0.510000
864	hidden_86	output_4	-0.540000
865	hidden_86	output_5	0.290000
866	hidden_86	output_6	-0.420000
867	hidden_86	output_7	-0.750000
868	hidden_86	output_8	0.820000
869	hidden_86	output_9	-0.200000
870	hidden_87	output_0	0.960000
871	hidden_87	output_1	0.330000
872	hidden_87	output_2	-0.580000
873	hidden_87	output_3	-0.740000
874	hidden_87	output_4	0.710000
875	hidden_87	output_5	-0.420000
876	hidden_87	output_6	-0.890000
877	hidden_87	output_7	0.330000
878	hidden_87	output_8	-0.960000
879	hidden_87	output_9	-0.850000
880	hidden_88	output_0	0.510000
881	hidden_88	output_1	-0.430000
882	hidden_88	output_2	0.520000
883	hidden_88	output_3	0.180000
884	hidden_88	output_4	-0.870000
885	hidden_88	output_5	0.850000
886	hidden_88	output_6	-0.340000
887	hidden_88	output_7	0.420000
888	hidden_88	output_8	0.280000
889	hidden_88	output_9	-0.230000
890	hidden_89	output_0	0.750000
891	hidden_89	output_1	-0.870000
892	hidden_89	output_2	-0.400000
893	hidden_89	output_3	0.840000
894	hidden_89	output_4	-0.600000
895	hidden_89	output_5	-0.140000
896	hidden_89	output_6	0.700000
897	hidden_89	output_7	-0.490000
898	hidden_89	output_8	-0.400000
899	hidden_89	output_9	-0.550000
900	hidden_90	output_0	0.460000
901	hidden_90	output_1	0.040000
902	hidden_90	output_2	-0.150000
903	hidden_90	output_3	0.770000
904	hidden_90	output_4	0.330000
905	hidden_90	output_5	-0.750000
906	hidden_90	output_6	0.940000
907	hidden_90	output_7	0.340000
908	hidden_90	output_8	0.650000
909	hidden_90	output_9	0.130000
910	hidden_91	output_0	0.950000
911	hidden_91	output_1	-0.260000
912	hidden_91	output_2	-0.100000
913	hidden_91	output_3	0.070000
914	hidden_91	output_4	-0.360000
915	hidden_91	output_5	0.040000
916	hidden_91	output_6	0.850000
917	hidden_91	output_7	0.500000
918	hidden_91	output_8	-0.600000
919	hidden_91	output_9	0.560000
920	hidden_92	output_0	-0.830000
921	hidden_92	output_1	-0.660000
922	hidden_92	output_2	-0.200000
923	hidden_92	output_3	0.270000
924	hidden_92	output_4	-0.700000
925	hidden_92	output_5	0.170000
926	hidden_92	output_6	0.160000
927	hidden_92	output_7	0.880000
928	hidden_92	output_8	-0.330000
929	hidden_92	output_9	0.890000
930	hidden_93	output_0	-0.430000
931	hidden_93	output_1	0.700000
932	hidden_93	output_2	0.330000
933	hidden_93	output_3	0.280000
934	hidden_93	output_4	-0.180000
935	hidden_93	output_5	-0.780000
936	hidden_93	output_6	-0.090000
937	hidden_93	output_7	-0.080000
938	hidden_93	output_8	0.200000
939	hidden_93	output_9	-0.880000
940	hidden_94	output_0	-0.030000
941	hidden_94	output_1	0.770000
942	hidden_94	output_2	0.720000
943	hidden_94	output_3	-0.110000
944	hidden_94	output_4	0.050000
945	hidden_94	output_5	0.770000
946	hidden_94	output_6	0.990000
947	hidden_94	output_7	-0.510000
948	hidden_94	output_8	0.110000
949	hidden_94	output_9	0.140000
950	hidden_95	output_0	0.110000
951	hidden_95	output_1	-0.470000
952	hidden_95	output_2	0.540000
953	hidden_95	output_3	0.180000
954	hidden_95	output_4	0.100000
955	hidden_95	output_5	-0.760000
956	hidden_95	output_6	0.570000
957	hidden_95	output_7	-0.250000
958	hidden_95	output_8	0.280000
959	hidden_95	output_9	-0.140000
960	hidden_96	output_0	-0.970000
961	hidden_96	output_1	0.720000
962	hidden_96	output_2	0.090000
963	hidden_96	output_3	-0.730000
964	hidden_96	output_4	-0.090000
965	hidden_96	output_5	-0.600000
966	hidden_96	output_6	0.810000
967	hidden_96	output_7	-0.060000
968	hidden_96	output_8	-0.610000
969	hidden_96	output_9	0.670000
970	hidden_97	output_0	0.330000
971	hidden_97	output_1	-0.510000
972	hidden_97	output_2	0.240000
973	hidden_97	output_3	-0.620000
974	hidden_97	output_4	0.550000
975	hidden_97	output_5	-0.140000
976	hidden_97	output_6	0.620000
977	hidden_97	output_7	-0.820000
978	hidden_97	output_8	-0.400000
979	hidden_97	output_9	-0.080000
980	hidden_98	output_0	0.780000
981	hidden_98	output_1	-0.800000
982	hidden_98	output_2	1.000000
983	hidden_98	output_3	-0.950000
984	hidden_98	output_4	-0.610000
985	hidden_98	output_5	0.040000
986	hidden_98	output_6	0.100000
987	hidden_98	output_7	-0.010000
988	hidden_98	output_8	-0.720000
989	hidden_98	output_9	0.390000
990	hidden_99	output_0	0.510000
991	hidden_99	output_1	0.350000
992	hidden_99	output_2	0.820000
993	hidden_99	output_3	-0.230000
994	hidden_99	output_4	-0.230000
995	hidden_99	output_5	-0.460000
996	hidden_99	output_6	0.620000
997	hidden_99	output_7	-0.770000
998	hidden_99	output_8	0.860000
999	hidden_99	output_9	0.890000
