-0.9 0.09 0.85 1.56 0.22 0.69 0 0.76 -0.73 2.08 -0.39 -1.2 -0.32 -0.25 -0.51 0.65 -0.19 -1.62 0.97 0.21 1.15 -0 -0.79 -1.93 2.24 -1.06 -0.89 0.98 -0.15 0.61 0.06 -0.03 1.55 -0.36 -0.58 0.65 -0.72 -0.35 0.37 1.74 0.33 -0.06 0.13 -0.68 -0.81 -0.05 -0.31 -0.32 -0.12 0.57 -0.24 -1.84 1.05 0.81 -1.18 -0.26 0.89 -0.81 1.29 -0.21 0.49 0.09 -0.69 1.28 -0.06 0.05 0.78 0.3 -0.1 1.04 -0.23 1.39 -1.26 1.55 -0.04 -1.36 -0.19 -0.17 0.94 0.81 -0.48 -0.16 0.85 -1.21 0.99 -0.48 1.31 0.77 1.01 -1.5 -0.85 0.87 0.84 -0.48 0.57 -1.89 0.04 0.68 -0.05 -1.32 -0.43 1.31 -0.91 -1.63 0.21 0.94 0.81 0.18 -0.91 -0.27 -0.4 -0.94 0.3 0.46 1.06 0.4 -0.22 1.11 -1.58 1.08 0.25 -0.2 0.86 -0.89 -0.97
